Archive member included to satisfy reference by file (symbol)

/usr/lib/gcc/arm-none-eabi/13.2.1/libgcc.a(_udivsi3.o)
                              build/stdio.o (__aeabi_uidiv)
/usr/lib/gcc/arm-none-eabi/13.2.1/libgcc.a(_dvmd_tls.o)
                              /usr/lib/gcc/arm-none-eabi/13.2.1/libgcc.a(_udivsi3.o) (__aeabi_idiv0)

There are no discarded input sections

Memory Configuration

Name             Origin             Length             Attributes
*default*        0x00000000         0xffffffff

Linker script and memory map

LOAD build/Entry.os
LOAD build/Handler.o
LOAD build/Main.o
LOAD build/Interrupt.o
LOAD build/Regs.o
LOAD build/Timer.o
LOAD build/Uart.o
LOAD build/armcpu.o
LOAD build/stdio.o
LOAD build/stdlib.o
LOAD build/Kernel.o
LOAD build/task.o
LOAD /usr/lib/gcc/arm-none-eabi/13.2.1/libgcc.a
                0x00000000                        . = 0x0

.text           0x00000000     0x154c
 *(vector_start)
 *(.text .rodata)
 .text          0x00000000       0xd4 build/Entry.os
                0x00000000                vector_start
                0x0000003c                vector_end
 .text          0x000000d4       0x24 build/Handler.o
                0x000000d4                Irq_Handler
                0x000000f0                Fiq_Handler
 .text          0x000000f8      0x2dc build/Main.o
                0x000000f8                main
                0x0000032c                User_task0
                0x00000364                User_task1
                0x0000039c                User_task2
 .rodata        0x000003d4      0x14e build/Main.o
 *fill*         0x00000522        0x2 
 .text          0x00000524      0x2f8 build/Interrupt.o
                0x00000524                Hal_interrupt_init
                0x000005c0                Hal_interrupt_enable
                0x0000068c                Hal_interrupt_disable
                0x00000760                Hal_interrupt_register_handler
                0x00000798                Hal_interrupt_run_handler
 .text          0x0000081c        0x0 build/Regs.o
 .text          0x0000081c      0x1f8 build/Timer.o
                0x0000081c                Hal_timer_init
                0x000009f0                Hal_timer_get_1ms_counter
 .text          0x00000a14      0x1b0 build/Uart.o
                0x00000a14                Hal_uart_init
                0x00000ab4                Hal_uart_put_char
                0x00000b10                Hal_uart_get_char
 .text          0x00000bc4       0xb0 build/armcpu.o
                0x00000bc4                enable_irq
                0x00000bf0                enable_fiq
                0x00000c1c                disable_irq
                0x00000c48                disable_fiq
 .text          0x00000c74      0x444 build/stdio.o
                0x00000c74                putstr
                0x00000cd4                debug_printf
                0x00000d24                vsprintf
                0x00000fa4                utoa
 .rodata        0x000010b8        0x7 build/stdio.o
 *fill*         0x000010bf        0x1 
 .text          0x000010c0       0x4c build/stdlib.o
                0x000010c0                delay
 .text          0x0000110c       0x28 build/Kernel.o
                0x0000110c                Kernel_start
                0x00001120                Kernel_yield
 .text          0x00001134      0x300 build/task.o
                0x00001134                Kernel_task_init
                0x00001240                Kernel_task_start
                0x0000127c                Kernel_task_create
                0x00001310                Kernel_task_scheduler
                0x00001360                Kernel_task_context_switching
 .text          0x00001434      0x114 /usr/lib/gcc/arm-none-eabi/13.2.1/libgcc.a(_udivsi3.o)
                0x00001434                __udivsi3
                0x00001434                __aeabi_uidiv
                0x00001528                __aeabi_uidivmod
 .text          0x00001548        0x4 /usr/lib/gcc/arm-none-eabi/13.2.1/libgcc.a(_dvmd_tls.o)
                0x00001548                __aeabi_ldiv0
                0x00001548                __aeabi_idiv0

.glue_7         0x0000154c        0x0
 .glue_7        0x0000154c        0x0 linker stubs

.glue_7t        0x0000154c        0x0
 .glue_7t       0x0000154c        0x0 linker stubs

.vfp11_veneer   0x0000154c        0x0
 .vfp11_veneer  0x0000154c        0x0 linker stubs

.v4_bx          0x0000154c        0x0
 .v4_bx         0x0000154c        0x0 linker stubs

.iplt           0x0000154c        0x0
 .iplt          0x0000154c        0x0 build/Entry.os

.rel.dyn        0x0000154c        0x0
 .rel.iplt      0x0000154c        0x0 build/Entry.os

.data           0x0000154c       0x10
 *(.data)
 .data          0x0000154c        0x0 build/Entry.os
 .data          0x0000154c        0x0 build/Handler.o
 .data          0x0000154c        0x0 build/Main.o
 .data          0x0000154c        0x0 build/Interrupt.o
 .data          0x0000154c       0x10 build/Regs.o
                0x0000154c                Uart
                0x00001550                GicCpu
                0x00001554                GicDist
                0x00001558                Timer
 .data          0x0000155c        0x0 build/Timer.o
 .data          0x0000155c        0x0 build/Uart.o
 .data          0x0000155c        0x0 build/armcpu.o
 .data          0x0000155c        0x0 build/stdio.o
 .data          0x0000155c        0x0 build/stdlib.o
 .data          0x0000155c        0x0 build/Kernel.o
 .data          0x0000155c        0x0 build/task.o
 .data          0x0000155c        0x0 /usr/lib/gcc/arm-none-eabi/13.2.1/libgcc.a(_udivsi3.o)
 .data          0x0000155c        0x0 /usr/lib/gcc/arm-none-eabi/13.2.1/libgcc.a(_dvmd_tls.o)

.igot.plt       0x0000155c        0x0
 .igot.plt      0x0000155c        0x0 build/Entry.os

.bss            0x0000155c      0xa10
 *(.bss)
 .bss           0x0000155c        0x0 build/Entry.os
 .bss           0x0000155c        0x0 build/Handler.o
 .bss           0x0000155c        0x0 build/Main.o
 .bss           0x0000155c      0x3fc build/Interrupt.o
 .bss           0x00001958        0x0 build/Regs.o
 .bss           0x00001958        0x4 build/Timer.o
 .bss           0x0000195c        0x0 build/Uart.o
 .bss           0x0000195c        0x0 build/armcpu.o
 .bss           0x0000195c      0x400 build/stdio.o
 .bss           0x00001d5c        0x0 build/stdlib.o
 .bss           0x00001d5c        0x0 build/Kernel.o
 .bss           0x00001d5c      0x210 build/task.o
 .bss           0x00001f6c        0x0 /usr/lib/gcc/arm-none-eabi/13.2.1/libgcc.a(_udivsi3.o)
 .bss           0x00001f6c        0x0 /usr/lib/gcc/arm-none-eabi/13.2.1/libgcc.a(_dvmd_tls.o)
OUTPUT(build/navilos.axf elf32-littlearm)
LOAD linker stubs

.ARM.attributes
                0x00000000       0x2d
 .ARM.attributes
                0x00000000       0x1f build/Entry.os
 .ARM.attributes
                0x0000001f       0x31 build/Handler.o
 .ARM.attributes
                0x00000050       0x31 build/Main.o
 .ARM.attributes
                0x00000081       0x31 build/Interrupt.o
 .ARM.attributes
                0x000000b2       0x31 build/Regs.o
 .ARM.attributes
                0x000000e3       0x31 build/Timer.o
 .ARM.attributes
                0x00000114       0x31 build/Uart.o
 .ARM.attributes
                0x00000145       0x31 build/armcpu.o
 .ARM.attributes
                0x00000176       0x31 build/stdio.o
 .ARM.attributes
                0x000001a7       0x31 build/stdlib.o
 .ARM.attributes
                0x000001d8       0x31 build/Kernel.o
 .ARM.attributes
                0x00000209       0x31 build/task.o
 .ARM.attributes
                0x0000023a       0x1c /usr/lib/gcc/arm-none-eabi/13.2.1/libgcc.a(_udivsi3.o)
 .ARM.attributes
                0x00000256       0x1c /usr/lib/gcc/arm-none-eabi/13.2.1/libgcc.a(_dvmd_tls.o)

.comment        0x00000000       0x26
 .comment       0x00000000       0x26 build/Handler.o
                                 0x27 (size before relaxing)
 .comment       0x00000026       0x27 build/Main.o
 .comment       0x00000026       0x27 build/Interrupt.o
 .comment       0x00000026       0x27 build/Regs.o
 .comment       0x00000026       0x27 build/Timer.o
 .comment       0x00000026       0x27 build/Uart.o
 .comment       0x00000026       0x27 build/armcpu.o
 .comment       0x00000026       0x27 build/stdio.o
 .comment       0x00000026       0x27 build/stdlib.o
 .comment       0x00000026       0x27 build/Kernel.o
 .comment       0x00000026       0x27 build/task.o

.debug_line     0x00000000      0xa90
 .debug_line    0x00000000       0x7a build/Entry.os
 .debug_line    0x0000007a       0x60 build/Handler.o
 .debug_line    0x000000da      0x176 build/Main.o
 .debug_line    0x00000250      0x134 build/Interrupt.o
 .debug_line    0x00000384       0x68 build/Regs.o
 .debug_line    0x000003ec       0xf0 build/Timer.o
 .debug_line    0x000004dc      0x100 build/Uart.o
 .debug_line    0x000005dc       0x6d build/armcpu.o
 .debug_line    0x00000649      0x191 build/stdio.o
 .debug_line    0x000007da       0x80 build/stdlib.o
 .debug_line    0x0000085a       0x58 build/Kernel.o
 .debug_line    0x000008b2      0x12d build/task.o
 .debug_line    0x000009df       0x67 /usr/lib/gcc/arm-none-eabi/13.2.1/libgcc.a(_udivsi3.o)
 .debug_line    0x00000a46       0x4a /usr/lib/gcc/arm-none-eabi/13.2.1/libgcc.a(_dvmd_tls.o)

.debug_line_str
                0x00000000       0xa7
 .debug_line_str
                0x00000000       0xa7 build/Entry.os
                                 0x29 (size before relaxing)
 .debug_line_str
                0x000000a7       0x7e /usr/lib/gcc/arm-none-eabi/13.2.1/libgcc.a(_udivsi3.o)
 .debug_line_str
                0x000000a7       0x7e /usr/lib/gcc/arm-none-eabi/13.2.1/libgcc.a(_dvmd_tls.o)

.debug_info     0x00000000     0x2bfe
 .debug_info    0x00000000       0x25 build/Entry.os
 .debug_info    0x00000025       0x8b build/Handler.o
 .debug_info    0x000000b0      0x26f build/Main.o
 .debug_info    0x0000031f      0x5b3 build/Interrupt.o
 .debug_info    0x000008d2      0xfc9 build/Regs.o
 .debug_info    0x0000189b      0x29f build/Timer.o
 .debug_info    0x00001b3a      0x9a1 build/Uart.o
 .debug_info    0x000024db       0x67 build/armcpu.o
 .debug_info    0x00002542      0x2af build/stdio.o
 .debug_info    0x000027f1       0xa7 build/stdlib.o
 .debug_info    0x00002898       0x8b build/Kernel.o
 .debug_info    0x00002923      0x261 build/task.o
 .debug_info    0x00002b84       0x3e /usr/lib/gcc/arm-none-eabi/13.2.1/libgcc.a(_udivsi3.o)
 .debug_info    0x00002bc2       0x3c /usr/lib/gcc/arm-none-eabi/13.2.1/libgcc.a(_dvmd_tls.o)

.debug_abbrev   0x00000000      0xbf4
 .debug_abbrev  0x00000000       0x14 build/Entry.os
 .debug_abbrev  0x00000014       0x6f build/Handler.o
 .debug_abbrev  0x00000083      0x149 build/Main.o
 .debug_abbrev  0x000001cc      0x1be build/Interrupt.o
 .debug_abbrev  0x0000038a      0x121 build/Regs.o
 .debug_abbrev  0x000004ab      0x160 build/Timer.o
 .debug_abbrev  0x0000060b      0x1c8 build/Uart.o
 .debug_abbrev  0x000007d3       0x2f build/armcpu.o
 .debug_abbrev  0x00000802      0x152 build/stdio.o
 .debug_abbrev  0x00000954       0x89 build/stdlib.o
 .debug_abbrev  0x000009dd       0x5a build/Kernel.o
 .debug_abbrev  0x00000a37      0x16f build/task.o
 .debug_abbrev  0x00000ba6       0x28 /usr/lib/gcc/arm-none-eabi/13.2.1/libgcc.a(_udivsi3.o)
 .debug_abbrev  0x00000bce       0x26 /usr/lib/gcc/arm-none-eabi/13.2.1/libgcc.a(_dvmd_tls.o)

.debug_aranges  0x00000000      0x1b8
 .debug_aranges
                0x00000000       0x20 build/Entry.os
 .debug_aranges
                0x00000020       0x20 build/Handler.o
 .debug_aranges
                0x00000040       0x20 build/Main.o
 .debug_aranges
                0x00000060       0x20 build/Interrupt.o
 .debug_aranges
                0x00000080       0x18 build/Regs.o
 .debug_aranges
                0x00000098       0x20 build/Timer.o
 .debug_aranges
                0x000000b8       0x20 build/Uart.o
 .debug_aranges
                0x000000d8       0x20 build/armcpu.o
 .debug_aranges
                0x000000f8       0x20 build/stdio.o
 .debug_aranges
                0x00000118       0x20 build/stdlib.o
 .debug_aranges
                0x00000138       0x20 build/Kernel.o
 .debug_aranges
                0x00000158       0x20 build/task.o
 .debug_aranges
                0x00000178       0x20 /usr/lib/gcc/arm-none-eabi/13.2.1/libgcc.a(_udivsi3.o)
 .debug_aranges
                0x00000198       0x20 /usr/lib/gcc/arm-none-eabi/13.2.1/libgcc.a(_dvmd_tls.o)

.debug_str      0x00000000      0xbaf
 .debug_str     0x00000000      0xbaf build/Entry.os
                                 0x35 (size before relaxing)
 .debug_str     0x00000baf      0x124 build/Handler.o
 .debug_str     0x00000baf      0x239 build/Main.o
 .debug_str     0x00000baf      0x3b9 build/Interrupt.o
 .debug_str     0x00000baf      0x69f build/Regs.o
 .debug_str     0x00000baf      0x293 build/Timer.o
 .debug_str     0x00000baf      0x482 build/Uart.o
 .debug_str     0x00000baf       0xb5 build/armcpu.o
 .debug_str     0x00000baf      0x192 build/stdio.o
 .debug_str     0x00000baf      0x11e build/stdlib.o
 .debug_str     0x00000baf      0x135 build/Kernel.o
 .debug_str     0x00000baf      0x24d build/task.o
 .debug_str     0x00000baf       0xa5 /usr/lib/gcc/arm-none-eabi/13.2.1/libgcc.a(_udivsi3.o)
 .debug_str     0x00000baf       0xa6 /usr/lib/gcc/arm-none-eabi/13.2.1/libgcc.a(_dvmd_tls.o)

.debug_frame    0x00000000      0x5a0
 .debug_frame   0x00000000       0x50 build/Handler.o
 .debug_frame   0x00000050       0xfc build/Main.o
 .debug_frame   0x0000014c       0xb0 build/Interrupt.o
 .debug_frame   0x000001fc       0x70 build/Timer.o
 .debug_frame   0x0000026c       0x8c build/Uart.o
 .debug_frame   0x000002f8       0x90 build/armcpu.o
 .debug_frame   0x00000388       0xac build/stdio.o
 .debug_frame   0x00000434       0x30 build/stdlib.o
 .debug_frame   0x00000464       0x48 build/Kernel.o
 .debug_frame   0x000004ac       0xd4 build/task.o
 .debug_frame   0x00000580       0x20 /usr/lib/gcc/arm-none-eabi/13.2.1/libgcc.a(_udivsi3.o)
