Archive member included to satisfy reference by file (symbol)

/usr/lib/gcc/arm-none-eabi/12.2.1/libgcc.a(_udivsi3.o)
                              build/stdio.o (__aeabi_uidiv)
/usr/lib/gcc/arm-none-eabi/12.2.1/libgcc.a(_dvmd_tls.o)
                              /usr/lib/gcc/arm-none-eabi/12.2.1/libgcc.a(_udivsi3.o) (__aeabi_idiv0)

Memory Configuration

Name             Origin             Length             Attributes
*default*        0x00000000         0xffffffff

Linker script and memory map

LOAD build/Entry.os
LOAD build/Handler.o
LOAD build/Main.o
LOAD build/Tasks.o
LOAD build/Gic.o
LOAD build/Regs.o
LOAD build/Timer.o
LOAD build/Uart.o
LOAD build/armcpu.o
LOAD build/stdio.o
LOAD build/stdlib.o
LOAD build/event.o
LOAD build/Kernel.o
LOAD build/msg.o
LOAD build/synch.o
LOAD build/task.o
LOAD /usr/lib/gcc/arm-none-eabi/12.2.1/libgcc.a
                0x00000000                        . = 0x0

.text           0x00000000     0x2238
 *(vector_start)
 *(.text .rodata)
 .text          0x00000000       0xd4 build/Entry.os
                0x00000000                vector_start
                0x0000003c                vector_end
 .text          0x000000d4       0x24 build/Handler.o
                0x000000d4                Irq_Handler
                0x000000f0                Fiq_Handler
 .text          0x000000f8      0x19c build/Main.o
                0x000000f8                main
 .rodata        0x00000294       0xaa build/Main.o
 *fill*         0x0000033e        0x2 
 .text          0x00000340      0x34c build/Tasks.o
                0x00000340                add_task
                0x00000400                User_task0
                0x00000574                User_task1
                0x00000650                User_task2
 .rodata        0x0000068c       0xa6 build/Tasks.o
 *fill*         0x00000732        0x2 
 .text          0x00000734      0x2f8 build/Gic.o
                0x00000734                Hal_interrupt_init
                0x000007d0                Hal_interrupt_enable
                0x0000089c                Hal_interrupt_disable
                0x00000970                Hal_interrupt_register_handler
                0x000009a8                Hal_interrupt_run_handler
 .text          0x00000a2c        0x0 build/Regs.o
 .text          0x00000a2c      0x210 build/Timer.o
                0x00000a2c                Hal_timer_init
                0x00000bd0                Hal_timer_get_1ms_counter
 .text          0x00000c3c      0x1f8 build/Uart.o
                0x00000c3c                Hal_uart_init
                0x00000cd4                Hal_uart_put_char
                0x00000d38                Hal_uart_get_char
 .text          0x00000e34       0xb0 build/armcpu.o
                0x00000e34                enable_irq
                0x00000e60                enable_fiq
                0x00000e8c                disable_irq
                0x00000eb8                disable_fiq
 .text          0x00000ee4      0x438 build/stdio.o
                0x00000ee4                putstr
                0x00000f44                debug_printf
                0x00000f94                vsprintf
                0x00001214                utoa
 .rodata        0x0000131c        0x7 build/stdio.o
 *fill*         0x00001323        0x1 
 .text          0x00001324       0x4c build/stdlib.o
                0x00001324                delay
 .text          0x00001370       0xf8 build/event.o
                0x00001370                Kernel_event_flag_init
                0x00001398                Kernel_event_flag_set
                0x000013d8                Kernel_event_flag_clear
                0x0000141c                Kernel_event_flag_check
 .text          0x00001468      0x388 build/Kernel.o
                0x00001468                Kernel_start
                0x0000147c                Kernel_yield
                0x00001490                Kernel_send_events
                0x00001518                Kernel_wait_events
                0x000015b4                Kernel_send_msg
                0x0000168c                Kernel_recv_msg
                0x00001720                Kernel_lock_sem
                0x00001754                Kernel_unlock_sem
                0x00001768                Kernel_lock_mutex
                0x000017b0                Kernel_unlock_mutex
 .text          0x000017f0      0x3f0 build/msg.o
                0x000017f0                Kernel_msgQ_init
                0x00001878                Kernel_msgQ_is_empty
                0x00001900                Kernel_msgQ_is_full
                0x00001990                Kernel_msgQ_enqueue
                0x00001ac4                Kernel_msgQ_dequeue
 .text          0x00001be0      0x200 build/synch.o
                0x00001be0                Kernel_sem_init
                0x00001c34                Kernel_sem_test
                0x00001c88                Kernel_sem_release
                0x00001cf4                Kernel_mutex_init
                0x00001d2c                Kernel_mutex_lock
                0x00001d8c                Kernel_mutex_unlock
 .text          0x00001de0      0x340 build/task.o
                0x00001de0                Kernel_task_init
                0x00001ef4                Kernel_task_create
                0x00001f88                Kernel_task_scheduling
                0x00001fd8                Kernel_task_start
                0x00002034                Kernel_task_get_current_task_id
 .text          0x00002120      0x114 /usr/lib/gcc/arm-none-eabi/12.2.1/libgcc.a(_udivsi3.o)
                0x00002120                __udivsi3
                0x00002120                __aeabi_uidiv
                0x00002214                __aeabi_uidivmod
 .text          0x00002234        0x4 /usr/lib/gcc/arm-none-eabi/12.2.1/libgcc.a(_dvmd_tls.o)
                0x00002234                __aeabi_ldiv0
                0x00002234                __aeabi_idiv0

.glue_7         0x00002238        0x0
 .glue_7        0x00002238        0x0 linker stubs

.glue_7t        0x00002238        0x0
 .glue_7t       0x00002238        0x0 linker stubs

.vfp11_veneer   0x00002238        0x0
 .vfp11_veneer  0x00002238        0x0 linker stubs

.v4_bx          0x00002238        0x0
 .v4_bx         0x00002238        0x0 linker stubs

.iplt           0x00002238        0x0
 .iplt          0x00002238        0x0 build/Entry.os

.rel.dyn        0x00002238        0x0
 .rel.iplt      0x00002238        0x0 build/Entry.os

.data           0x00002238       0x10
 *(.data)
 .data          0x00002238        0x0 build/Entry.os
 .data          0x00002238        0x0 build/Handler.o
 .data          0x00002238        0x0 build/Main.o
 .data          0x00002238        0x0 build/Tasks.o
 .data          0x00002238        0x0 build/Gic.o
 .data          0x00002238       0x10 build/Regs.o
                0x00002238                Uart
                0x0000223c                GicCpu
                0x00002240                GicDist
                0x00002244                Timer
 .data          0x00002248        0x0 build/Timer.o
 .data          0x00002248        0x0 build/Uart.o
 .data          0x00002248        0x0 build/armcpu.o
 .data          0x00002248        0x0 build/stdio.o
 .data          0x00002248        0x0 build/stdlib.o
 .data          0x00002248        0x0 build/event.o
 .data          0x00002248        0x0 build/Kernel.o
 .data          0x00002248        0x0 build/msg.o
 .data          0x00002248        0x0 build/synch.o
 .data          0x00002248        0x0 build/task.o
 .data          0x00002248        0x0 /usr/lib/gcc/arm-none-eabi/12.2.1/libgcc.a(_udivsi3.o)
 .data          0x00002248        0x0 /usr/lib/gcc/arm-none-eabi/12.2.1/libgcc.a(_dvmd_tls.o)

.igot.plt       0x00002248        0x0
 .igot.plt      0x00002248        0x0 build/Entry.os

.bss            0x00002248     0x1044
 *(.bss)
 .bss           0x00002248        0x0 build/Entry.os
 .bss           0x00002248        0x0 build/Handler.o
 .bss           0x00002248        0x0 build/Main.o
 .bss           0x00002248        0x4 build/Tasks.o
 .bss           0x0000224c      0x3fc build/Gic.o
 .bss           0x00002648        0x0 build/Regs.o
 .bss           0x00002648        0x4 build/Timer.o
 .bss           0x0000264c        0x0 build/Uart.o
 .bss           0x0000264c        0x0 build/armcpu.o
 .bss           0x0000264c      0x400 build/stdio.o
 .bss           0x00002a4c        0x0 build/stdlib.o
 .bss           0x00002a4c        0x4 build/event.o
 .bss           0x00002a50        0x0 build/Kernel.o
 .bss           0x00002a50      0x618 build/msg.o
 .bss           0x00003068       0x10 build/synch.o
 .bss           0x00003078      0x214 build/task.o
 .bss           0x0000328c        0x0 /usr/lib/gcc/arm-none-eabi/12.2.1/libgcc.a(_udivsi3.o)
 .bss           0x0000328c        0x0 /usr/lib/gcc/arm-none-eabi/12.2.1/libgcc.a(_dvmd_tls.o)
OUTPUT(build/navilos.axf elf32-littlearm)
LOAD linker stubs

.ARM.attributes
                0x00000000       0x2d
 .ARM.attributes
                0x00000000       0x1f build/Entry.os
 .ARM.attributes
                0x0000001f       0x31 build/Handler.o
 .ARM.attributes
                0x00000050       0x31 build/Main.o
 .ARM.attributes
                0x00000081       0x31 build/Tasks.o
 .ARM.attributes
                0x000000b2       0x31 build/Gic.o
 .ARM.attributes
                0x000000e3       0x31 build/Regs.o
 .ARM.attributes
                0x00000114       0x31 build/Timer.o
 .ARM.attributes
                0x00000145       0x31 build/Uart.o
 .ARM.attributes
                0x00000176       0x31 build/armcpu.o
 .ARM.attributes
                0x000001a7       0x31 build/stdio.o
 .ARM.attributes
                0x000001d8       0x31 build/stdlib.o
 .ARM.attributes
                0x00000209       0x31 build/event.o
 .ARM.attributes
                0x0000023a       0x31 build/Kernel.o
 .ARM.attributes
                0x0000026b       0x31 build/msg.o
 .ARM.attributes
                0x0000029c       0x31 build/synch.o
 .ARM.attributes
                0x000002cd       0x31 build/task.o
 .ARM.attributes
                0x000002fe       0x1c /usr/lib/gcc/arm-none-eabi/12.2.1/libgcc.a(_udivsi3.o)
 .ARM.attributes
                0x0000031a       0x1c /usr/lib/gcc/arm-none-eabi/12.2.1/libgcc.a(_dvmd_tls.o)

.comment        0x00000000       0x26
 .comment       0x00000000       0x26 build/Handler.o
                                 0x27 (size before relaxing)
 .comment       0x00000026       0x27 build/Main.o
 .comment       0x00000026       0x27 build/Tasks.o
 .comment       0x00000026       0x27 build/Gic.o
 .comment       0x00000026       0x27 build/Regs.o
 .comment       0x00000026       0x27 build/Timer.o
 .comment       0x00000026       0x27 build/Uart.o
 .comment       0x00000026       0x27 build/armcpu.o
 .comment       0x00000026       0x27 build/stdio.o
 .comment       0x00000026       0x27 build/stdlib.o
 .comment       0x00000026       0x27 build/event.o
 .comment       0x00000026       0x27 build/Kernel.o
 .comment       0x00000026       0x27 build/msg.o
 .comment       0x00000026       0x27 build/synch.o
 .comment       0x00000026       0x27 build/task.o

.debug_line     0x00000000      0xfcd
 .debug_line    0x00000000       0x7a build/Entry.os
 .debug_line    0x0000007a       0x5e build/Handler.o
 .debug_line    0x000000d8      0x129 build/Main.o
 .debug_line    0x00000201      0x168 build/Tasks.o
 .debug_line    0x00000369      0x126 build/Gic.o
 .debug_line    0x0000048f       0x62 build/Regs.o
 .debug_line    0x000004f1       0xf0 build/Timer.o
 .debug_line    0x000005e1      0x136 build/Uart.o
 .debug_line    0x00000717       0x6d build/armcpu.o
 .debug_line    0x00000784      0x18a build/stdio.o
 .debug_line    0x0000090e       0x81 build/stdlib.o
 .debug_line    0x0000098f       0x8b build/event.o
 .debug_line    0x00000a1a      0x1bc build/Kernel.o
 .debug_line    0x00000bd6      0x129 build/msg.o
 .debug_line    0x00000cff       0xc9 build/synch.o
 .debug_line    0x00000dc8      0x154 build/task.o
 .debug_line    0x00000f1c       0x67 /usr/lib/gcc/arm-none-eabi/12.2.1/libgcc.a(_udivsi3.o)
 .debug_line    0x00000f83       0x4a /usr/lib/gcc/arm-none-eabi/12.2.1/libgcc.a(_dvmd_tls.o)

.debug_line_str
                0x00000000       0x9f
 .debug_line_str
                0x00000000       0x21 build/Entry.os
 .debug_line_str
                0x00000021       0x7e /usr/lib/gcc/arm-none-eabi/12.2.1/libgcc.a(_udivsi3.o)
 .debug_line_str
                0x0000009f       0x7e /usr/lib/gcc/arm-none-eabi/12.2.1/libgcc.a(_dvmd_tls.o)

.debug_info     0x00000000     0x3b13
 .debug_info    0x00000000       0x25 build/Entry.os
 .debug_info    0x00000025       0x8b build/Handler.o
 .debug_info    0x000000b0      0x1f7 build/Main.o
 .debug_info    0x000002a7      0x435 build/Tasks.o
 .debug_info    0x000006dc      0x5b3 build/Gic.o
 .debug_info    0x00000c8f      0xfc9 build/Regs.o
 .debug_info    0x00001c58      0x29f build/Timer.o
 .debug_info    0x00001ef7      0xb10 build/Uart.o
 .debug_info    0x00002a07       0x67 build/armcpu.o
 .debug_info    0x00002a6e      0x2af build/stdio.o
 .debug_info    0x00002d1d       0xa7 build/stdlib.o
 .debug_info    0x00002dc4      0x222 build/event.o
 .debug_info    0x00002fe6      0x4b5 build/Kernel.o
 .debug_info    0x0000349b      0x20f build/msg.o
 .debug_info    0x000036aa      0x189 build/synch.o
 .debug_info    0x00003833      0x26c build/task.o
 .debug_info    0x00003a9f       0x3b /usr/lib/gcc/arm-none-eabi/12.2.1/libgcc.a(_udivsi3.o)
 .debug_info    0x00003ada       0x39 /usr/lib/gcc/arm-none-eabi/12.2.1/libgcc.a(_dvmd_tls.o)

.debug_abbrev   0x00000000     0x11d7
 .debug_abbrev  0x00000000       0x14 build/Entry.os
 .debug_abbrev  0x00000014       0x6f build/Handler.o
 .debug_abbrev  0x00000083      0x121 build/Main.o
 .debug_abbrev  0x000001a4      0x189 build/Tasks.o
 .debug_abbrev  0x0000032d      0x1be build/Gic.o
 .debug_abbrev  0x000004eb      0x121 build/Regs.o
 .debug_abbrev  0x0000060c      0x160 build/Timer.o
 .debug_abbrev  0x0000076c      0x217 build/Uart.o
 .debug_abbrev  0x00000983       0x2f build/armcpu.o
 .debug_abbrev  0x000009b2      0x152 build/stdio.o
 .debug_abbrev  0x00000b04       0x89 build/stdlib.o
 .debug_abbrev  0x00000b8d       0xdf build/event.o
 .debug_abbrev  0x00000c6c      0x174 build/Kernel.o
 .debug_abbrev  0x00000de0      0x132 build/msg.o
 .debug_abbrev  0x00000f12       0xff build/synch.o
 .debug_abbrev  0x00001011      0x186 build/task.o
 .debug_abbrev  0x00001197       0x21 /usr/lib/gcc/arm-none-eabi/12.2.1/libgcc.a(_udivsi3.o)
 .debug_abbrev  0x000011b8       0x1f /usr/lib/gcc/arm-none-eabi/12.2.1/libgcc.a(_dvmd_tls.o)

.debug_aranges  0x00000000      0x238
 .debug_aranges
                0x00000000       0x20 build/Entry.os
 .debug_aranges
                0x00000020       0x20 build/Handler.o
 .debug_aranges
                0x00000040       0x20 build/Main.o
 .debug_aranges
                0x00000060       0x20 build/Tasks.o
 .debug_aranges
                0x00000080       0x20 build/Gic.o
 .debug_aranges
                0x000000a0       0x18 build/Regs.o
 .debug_aranges
                0x000000b8       0x20 build/Timer.o
 .debug_aranges
                0x000000d8       0x20 build/Uart.o
 .debug_aranges
                0x000000f8       0x20 build/armcpu.o
 .debug_aranges
                0x00000118       0x20 build/stdio.o
 .debug_aranges
                0x00000138       0x20 build/stdlib.o
 .debug_aranges
                0x00000158       0x20 build/event.o
 .debug_aranges
                0x00000178       0x20 build/Kernel.o
 .debug_aranges
                0x00000198       0x20 build/msg.o
 .debug_aranges
                0x000001b8       0x20 build/synch.o
 .debug_aranges
                0x000001d8       0x20 build/task.o
 .debug_aranges
                0x000001f8       0x20 /usr/lib/gcc/arm-none-eabi/12.2.1/libgcc.a(_udivsi3.o)
 .debug_aranges
                0x00000218       0x20 /usr/lib/gcc/arm-none-eabi/12.2.1/libgcc.a(_dvmd_tls.o)

.debug_str      0x00000000     0x125e
 .debug_str     0x00000000       0x2d build/Entry.os
 .debug_str     0x0000002d       0xe6 build/Handler.o
                                0x113 (size before relaxing)
 .debug_str     0x00000113      0x15e build/Main.o
                                0x23d (size before relaxing)
 .debug_str     0x00000271      0x4e1 build/Tasks.o
                                0x617 (size before relaxing)
 .debug_str     0x00000752      0x276 build/Gic.o
                                0x3a2 (size before relaxing)
 .debug_str     0x000009c8      0x3b4 build/Regs.o
                                0x68e (size before relaxing)
 .debug_str     0x00000d7c       0x5f build/Timer.o
                                0x282 (size before relaxing)
 .debug_str     0x00000ddb       0x22 build/Uart.o
                                0x84b (size before relaxing)
 .debug_str     0x00000dfd       0x30 build/armcpu.o
                                 0xa4 (size before relaxing)
 .debug_str     0x00000e2d       0x5e build/stdio.o
                                0x181 (size before relaxing)
 .debug_str     0x00000e8b       0x12 build/stdlib.o
                                0x10d (size before relaxing)
 .debug_str     0x00000e9d       0x60 build/event.o
                                0x4d5 (size before relaxing)
 .debug_str     0x00000efd      0x123 build/Kernel.o
                                0x6b6 (size before relaxing)
 .debug_str     0x00001020       0x5a build/msg.o
                                0x1df (size before relaxing)
 .debug_str     0x0000107a       0x46 build/synch.o
                                0x19f (size before relaxing)
 .debug_str     0x000010c0       0xdd build/task.o
                                0x23e (size before relaxing)
 .debug_str     0x0000119d       0xa5 /usr/lib/gcc/arm-none-eabi/12.2.1/libgcc.a(_udivsi3.o)
 .debug_str     0x00001242       0x1c /usr/lib/gcc/arm-none-eabi/12.2.1/libgcc.a(_dvmd_tls.o)
                                 0xa6 (size before relaxing)

.debug_frame    0x00000000      0x8dc
 .debug_frame   0x00000000       0x50 build/Handler.o
 .debug_frame   0x00000050       0x88 build/Main.o
 .debug_frame   0x000000d8       0xa4 build/Tasks.o
 .debug_frame   0x0000017c       0xb0 build/Gic.o
 .debug_frame   0x0000022c       0x70 build/Timer.o
 .debug_frame   0x0000029c       0x8c build/Uart.o
 .debug_frame   0x00000328       0x90 build/armcpu.o
 .debug_frame   0x000003b8       0xac build/stdio.o
 .debug_frame   0x00000464       0x30 build/stdlib.o
 .debug_frame   0x00000494       0x90 build/event.o
 .debug_frame   0x00000524      0x140 build/Kernel.o
 .debug_frame   0x00000664       0xb0 build/msg.o
 .debug_frame   0x00000714       0xd0 build/synch.o
 .debug_frame   0x000007e4       0xd8 build/task.o
 .debug_frame   0x000008bc       0x20 /usr/lib/gcc/arm-none-eabi/12.2.1/libgcc.a(_udivsi3.o)

.debug_rnglists
                0x00000000       0x17
 .debug_rnglists
                0x00000000       0x17 build/Kernel.o
