Archive member included to satisfy reference by file (symbol)

/usr/lib/gcc/arm-none-eabi/13.2.1/libgcc.a(_udivsi3.o)
                              build/stdio.o (__aeabi_uidiv)
/usr/lib/gcc/arm-none-eabi/13.2.1/libgcc.a(_dvmd_tls.o)
                              /usr/lib/gcc/arm-none-eabi/13.2.1/libgcc.a(_udivsi3.o) (__aeabi_idiv0)

There are no discarded input sections

Memory Configuration

Name             Origin             Length             Attributes
*default*        0x00000000         0xffffffff

Linker script and memory map

LOAD build/Entry.os
LOAD build/Handler.o
LOAD build/Main.o
LOAD build/Interrupt.o
LOAD build/Regs.o
LOAD build/Timer.o
LOAD build/Uart.o
LOAD build/armcpu.o
LOAD build/stdio.o
LOAD build/stdlib.o
LOAD build/event.o
LOAD build/Kernel.o
LOAD build/msg.o
LOAD build/task.o
LOAD /usr/lib/gcc/arm-none-eabi/13.2.1/libgcc.a
                0x00000000                        . = 0x0

.text           0x00000000     0x1f44
 *(vector_start)
 *(.text .rodata)
 .text          0x00000000       0xd4 build/Entry.os
                0x00000000                vector_start
                0x0000003c                vector_end
 .text          0x000000d4       0x24 build/Handler.o
                0x000000d4                Irq_Handler
                0x000000f0                Fiq_Handler
 .text          0x000000f8      0x4b8 build/Main.o
                0x000000f8                main
                0x00000330                User_task0
                0x000004c4                User_task1
                0x00000580                User_task2
 .rodata        0x000005b0      0x176 build/Main.o
 *fill*         0x00000726        0x2 
 .text          0x00000728      0x2f8 build/Interrupt.o
                0x00000728                Hal_interrupt_init
                0x000007c4                Hal_interrupt_enable
                0x00000890                Hal_interrupt_disable
                0x00000964                Hal_interrupt_register_handler
                0x0000099c                Hal_interrupt_run_handler
 .text          0x00000a20        0x0 build/Regs.o
 .text          0x00000a20      0x1f8 build/Timer.o
                0x00000a20                Hal_timer_init
                0x00000bf4                Hal_timer_get_1ms_counter
 .text          0x00000c18      0x1cc build/Uart.o
                0x00000c18                Hal_uart_init
                0x00000cb8                Hal_uart_put_char
                0x00000d14                Hal_uart_get_char
 .text          0x00000de4       0xb0 build/armcpu.o
                0x00000de4                enable_irq
                0x00000e10                enable_fiq
                0x00000e3c                disable_irq
                0x00000e68                disable_fiq
 .text          0x00000e94      0x444 build/stdio.o
                0x00000e94                putstr
                0x00000ef4                debug_printf
                0x00000f44                vsprintf
                0x000011c4                utoa
 .rodata        0x000012d8        0x7 build/stdio.o
 *fill*         0x000012df        0x1 
 .text          0x000012e0       0xa8 build/stdlib.o
                0x000012e0                delay
                0x0000132c                memclr
 .text          0x00001388       0xf8 build/event.o
                0x00001388                Kernel_event_flag_init
                0x000013b0                Kernel_event_flag_set
                0x000013f0                Kernel_event_flag_clear
                0x00001434                Kernel_event_flag_check
 .text          0x00001480      0x2b8 build/Kernel.o
                0x00001480                Kernel_start
                0x00001494                Kernel_yield
                0x000014a8                Kernel_send_events
                0x00001530                Kernel_wait_events
                0x000015cc                Kernel_send_msg
                0x000016a4                Kernel_recv_msg
 .text          0x00001738      0x3f4 build/msg.o
                0x00001738                Kernel_msgQ_init
                0x000017e4                Kernel_msgQ_is_empty
                0x0000186c                Kernel_msgQ_is_full
                0x000018fc                Kernel_msgQ_enqueue
                0x00001a20                Kernel_msgQ_dequeue
 .text          0x00001b2c      0x300 build/task.o
                0x00001b2c                Kernel_task_init
                0x00001c38                Kernel_task_start
                0x00001c74                Kernel_task_create
                0x00001d08                Kernel_task_scheduler
                0x00001d58                Kernel_task_context_switching
 .text          0x00001e2c      0x114 /usr/lib/gcc/arm-none-eabi/13.2.1/libgcc.a(_udivsi3.o)
                0x00001e2c                __udivsi3
                0x00001e2c                __aeabi_uidiv
                0x00001f20                __aeabi_uidivmod
 .text          0x00001f40        0x4 /usr/lib/gcc/arm-none-eabi/13.2.1/libgcc.a(_dvmd_tls.o)
                0x00001f40                __aeabi_ldiv0
                0x00001f40                __aeabi_idiv0

.glue_7         0x00001f44        0x0
 .glue_7        0x00001f44        0x0 linker stubs

.glue_7t        0x00001f44        0x0
 .glue_7t       0x00001f44        0x0 linker stubs

.vfp11_veneer   0x00001f44        0x0
 .vfp11_veneer  0x00001f44        0x0 linker stubs

.v4_bx          0x00001f44        0x0
 .v4_bx         0x00001f44        0x0 linker stubs

.iplt           0x00001f44        0x0
 .iplt          0x00001f44        0x0 build/Entry.os

.rel.dyn        0x00001f44        0x0
 .rel.iplt      0x00001f44        0x0 build/Entry.os

.data           0x00001f44       0x10
 *(.data)
 .data          0x00001f44        0x0 build/Entry.os
 .data          0x00001f44        0x0 build/Handler.o
 .data          0x00001f44        0x0 build/Main.o
 .data          0x00001f44        0x0 build/Interrupt.o
 .data          0x00001f44       0x10 build/Regs.o
                0x00001f44                Uart
                0x00001f48                GicCpu
                0x00001f4c                GicDist
                0x00001f50                Timer
 .data          0x00001f54        0x0 build/Timer.o
 .data          0x00001f54        0x0 build/Uart.o
 .data          0x00001f54        0x0 build/armcpu.o
 .data          0x00001f54        0x0 build/stdio.o
 .data          0x00001f54        0x0 build/stdlib.o
 .data          0x00001f54        0x0 build/event.o
 .data          0x00001f54        0x0 build/Kernel.o
 .data          0x00001f54        0x0 build/msg.o
 .data          0x00001f54        0x0 build/task.o
 .data          0x00001f54        0x0 /usr/lib/gcc/arm-none-eabi/13.2.1/libgcc.a(_udivsi3.o)
 .data          0x00001f54        0x0 /usr/lib/gcc/arm-none-eabi/13.2.1/libgcc.a(_dvmd_tls.o)

.igot.plt       0x00001f54        0x0
 .igot.plt      0x00001f54        0x0 build/Entry.os

.bss            0x00001f54     0x102c
 *(.bss)
 .bss           0x00001f54        0x0 build/Entry.os
 .bss           0x00001f54        0x0 build/Handler.o
 .bss           0x00001f54        0x0 build/Main.o
 .bss           0x00001f54      0x3fc build/Interrupt.o
 .bss           0x00002350        0x0 build/Regs.o
 .bss           0x00002350        0x4 build/Timer.o
 .bss           0x00002354        0x0 build/Uart.o
 .bss           0x00002354        0x0 build/armcpu.o
 .bss           0x00002354      0x400 build/stdio.o
 .bss           0x00002754        0x0 build/stdlib.o
 .bss           0x00002754        0x4 build/event.o
 .bss           0x00002758        0x0 build/Kernel.o
 .bss           0x00002758      0x618 build/msg.o
                0x00002758                sMsgQ
 .bss           0x00002d70      0x210 build/task.o
 .bss           0x00002f80        0x0 /usr/lib/gcc/arm-none-eabi/13.2.1/libgcc.a(_udivsi3.o)
 .bss           0x00002f80        0x0 /usr/lib/gcc/arm-none-eabi/13.2.1/libgcc.a(_dvmd_tls.o)
OUTPUT(build/navilos.axf elf32-littlearm)
LOAD linker stubs

.ARM.attributes
                0x00000000       0x2d
 .ARM.attributes
                0x00000000       0x1f build/Entry.os
 .ARM.attributes
                0x0000001f       0x31 build/Handler.o
 .ARM.attributes
                0x00000050       0x31 build/Main.o
 .ARM.attributes
                0x00000081       0x31 build/Interrupt.o
 .ARM.attributes
                0x000000b2       0x31 build/Regs.o
 .ARM.attributes
                0x000000e3       0x31 build/Timer.o
 .ARM.attributes
                0x00000114       0x31 build/Uart.o
 .ARM.attributes
                0x00000145       0x31 build/armcpu.o
 .ARM.attributes
                0x00000176       0x31 build/stdio.o
 .ARM.attributes
                0x000001a7       0x31 build/stdlib.o
 .ARM.attributes
                0x000001d8       0x31 build/event.o
 .ARM.attributes
                0x00000209       0x31 build/Kernel.o
 .ARM.attributes
                0x0000023a       0x31 build/msg.o
 .ARM.attributes
                0x0000026b       0x31 build/task.o
 .ARM.attributes
                0x0000029c       0x1c /usr/lib/gcc/arm-none-eabi/13.2.1/libgcc.a(_udivsi3.o)
 .ARM.attributes
                0x000002b8       0x1c /usr/lib/gcc/arm-none-eabi/13.2.1/libgcc.a(_dvmd_tls.o)

.comment        0x00000000       0x26
 .comment       0x00000000       0x26 build/Handler.o
                                 0x27 (size before relaxing)
 .comment       0x00000026       0x27 build/Main.o
 .comment       0x00000026       0x27 build/Interrupt.o
 .comment       0x00000026       0x27 build/Regs.o
 .comment       0x00000026       0x27 build/Timer.o
 .comment       0x00000026       0x27 build/Uart.o
 .comment       0x00000026       0x27 build/armcpu.o
 .comment       0x00000026       0x27 build/stdio.o
 .comment       0x00000026       0x27 build/stdlib.o
 .comment       0x00000026       0x27 build/event.o
 .comment       0x00000026       0x27 build/Kernel.o
 .comment       0x00000026       0x27 build/msg.o
 .comment       0x00000026       0x27 build/task.o

.debug_line     0x00000000      0xe4c
 .debug_line    0x00000000       0x7a build/Entry.os
 .debug_line    0x0000007a       0x60 build/Handler.o
 .debug_line    0x000000da      0x21b build/Main.o
 .debug_line    0x000002f5      0x134 build/Interrupt.o
 .debug_line    0x00000429       0x68 build/Regs.o
 .debug_line    0x00000491       0xf0 build/Timer.o
 .debug_line    0x00000581      0x130 build/Uart.o
 .debug_line    0x000006b1       0x6d build/armcpu.o
 .debug_line    0x0000071e      0x191 build/stdio.o
 .debug_line    0x000008af       0x98 build/stdlib.o
 .debug_line    0x00000947       0x8d build/event.o
 .debug_line    0x000009d4      0x172 build/Kernel.o
 .debug_line    0x00000b46      0x128 build/msg.o
 .debug_line    0x00000c6e      0x12d build/task.o
 .debug_line    0x00000d9b       0x67 /usr/lib/gcc/arm-none-eabi/13.2.1/libgcc.a(_udivsi3.o)
 .debug_line    0x00000e02       0x4a /usr/lib/gcc/arm-none-eabi/13.2.1/libgcc.a(_dvmd_tls.o)

.debug_line_str
                0x00000000       0xa7
 .debug_line_str
                0x00000000       0xa7 build/Entry.os
                                 0x29 (size before relaxing)
 .debug_line_str
                0x000000a7       0x7e /usr/lib/gcc/arm-none-eabi/13.2.1/libgcc.a(_udivsi3.o)
 .debug_line_str
                0x000000a7       0x7e /usr/lib/gcc/arm-none-eabi/13.2.1/libgcc.a(_dvmd_tls.o)

.debug_info     0x00000000     0x383e
 .debug_info    0x00000000       0x25 build/Entry.os
 .debug_info    0x00000025       0x8b build/Handler.o
 .debug_info    0x000000b0      0x503 build/Main.o
 .debug_info    0x000005b3      0x5b3 build/Interrupt.o
 .debug_info    0x00000b66      0xfc9 build/Regs.o
 .debug_info    0x00001b2f      0x29f build/Timer.o
 .debug_info    0x00001dce      0xb21 build/Uart.o
 .debug_info    0x000028ef       0x67 build/armcpu.o
 .debug_info    0x00002956      0x2af build/stdio.o
 .debug_info    0x00002c05       0xf9 build/stdlib.o
 .debug_info    0x00002cfe      0x222 build/event.o
 .debug_info    0x00002f20      0x400 build/Kernel.o
 .debug_info    0x00003320      0x243 build/msg.o
 .debug_info    0x00003563      0x261 build/task.o
 .debug_info    0x000037c4       0x3e /usr/lib/gcc/arm-none-eabi/13.2.1/libgcc.a(_udivsi3.o)
 .debug_info    0x00003802       0x3c /usr/lib/gcc/arm-none-eabi/13.2.1/libgcc.a(_dvmd_tls.o)

.debug_abbrev   0x00000000     0x1010
 .debug_abbrev  0x00000000       0x14 build/Entry.os
 .debug_abbrev  0x00000014       0x6f build/Handler.o
 .debug_abbrev  0x00000083      0x193 build/Main.o
 .debug_abbrev  0x00000216      0x1be build/Interrupt.o
 .debug_abbrev  0x000003d4      0x121 build/Regs.o
 .debug_abbrev  0x000004f5      0x160 build/Timer.o
 .debug_abbrev  0x00000655      0x217 build/Uart.o
 .debug_abbrev  0x0000086c       0x2f build/armcpu.o
 .debug_abbrev  0x0000089b      0x152 build/stdio.o
 .debug_abbrev  0x000009ed       0xd8 build/stdlib.o
 .debug_abbrev  0x00000ac5       0xdf build/event.o
 .debug_abbrev  0x00000ba4      0x157 build/Kernel.o
 .debug_abbrev  0x00000cfb      0x158 build/msg.o
 .debug_abbrev  0x00000e53      0x16f build/task.o
 .debug_abbrev  0x00000fc2       0x28 /usr/lib/gcc/arm-none-eabi/13.2.1/libgcc.a(_udivsi3.o)
 .debug_abbrev  0x00000fea       0x26 /usr/lib/gcc/arm-none-eabi/13.2.1/libgcc.a(_dvmd_tls.o)

.debug_aranges  0x00000000      0x1f8
 .debug_aranges
                0x00000000       0x20 build/Entry.os
 .debug_aranges
                0x00000020       0x20 build/Handler.o
 .debug_aranges
                0x00000040       0x20 build/Main.o
 .debug_aranges
                0x00000060       0x20 build/Interrupt.o
 .debug_aranges
                0x00000080       0x18 build/Regs.o
 .debug_aranges
                0x00000098       0x20 build/Timer.o
 .debug_aranges
                0x000000b8       0x20 build/Uart.o
 .debug_aranges
                0x000000d8       0x20 build/armcpu.o
 .debug_aranges
                0x000000f8       0x20 build/stdio.o
 .debug_aranges
                0x00000118       0x20 build/stdlib.o
 .debug_aranges
                0x00000138       0x20 build/event.o
 .debug_aranges
                0x00000158       0x20 build/Kernel.o
 .debug_aranges
                0x00000178       0x20 build/msg.o
 .debug_aranges
                0x00000198       0x20 build/task.o
 .debug_aranges
                0x000001b8       0x20 /usr/lib/gcc/arm-none-eabi/13.2.1/libgcc.a(_udivsi3.o)
 .debug_aranges
                0x000001d8       0x20 /usr/lib/gcc/arm-none-eabi/13.2.1/libgcc.a(_dvmd_tls.o)

.debug_str      0x00000000     0x1185
 .debug_str     0x00000000     0x1185 build/Entry.os
                                 0x35 (size before relaxing)
 .debug_str     0x00001185      0x124 build/Handler.o
 .debug_str     0x00001185      0x6b7 build/Main.o
 .debug_str     0x00001185      0x3b9 build/Interrupt.o
 .debug_str     0x00001185      0x69f build/Regs.o
 .debug_str     0x00001185      0x293 build/Timer.o
 .debug_str     0x00001185      0x875 build/Uart.o
 .debug_str     0x00001185       0xb5 build/armcpu.o
 .debug_str     0x00001185      0x192 build/stdio.o
 .debug_str     0x00001185      0x133 build/stdlib.o
 .debug_str     0x00001185      0x4f3 build/event.o
 .debug_str     0x00001185      0x609 build/Kernel.o
 .debug_str     0x00001185      0x1f7 build/msg.o
 .debug_str     0x00001185      0x24d build/task.o
 .debug_str     0x00001185       0xa5 /usr/lib/gcc/arm-none-eabi/13.2.1/libgcc.a(_udivsi3.o)
 .debug_str     0x00001185       0xa6 /usr/lib/gcc/arm-none-eabi/13.2.1/libgcc.a(_dvmd_tls.o)

.debug_frame    0x00000000      0x780
 .debug_frame   0x00000000       0x50 build/Handler.o
 .debug_frame   0x00000050       0xfc build/Main.o
 .debug_frame   0x0000014c       0xb0 build/Interrupt.o
 .debug_frame   0x000001fc       0x70 build/Timer.o
 .debug_frame   0x0000026c       0x8c build/Uart.o
 .debug_frame   0x000002f8       0x90 build/armcpu.o
 .debug_frame   0x00000388       0xac build/stdio.o
 .debug_frame   0x00000434       0x50 build/stdlib.o
 .debug_frame   0x00000484       0x90 build/event.o
 .debug_frame   0x00000514       0xc8 build/Kernel.o
 .debug_frame   0x000005dc       0xb0 build/msg.o
 .debug_frame   0x0000068c       0xd4 build/task.o
 .debug_frame   0x00000760       0x20 /usr/lib/gcc/arm-none-eabi/13.2.1/libgcc.a(_udivsi3.o)
